stm32wbxx_ll_bus.h:344:22:LL_AHB1_GRP1_EnableClock	24	static
stm32wbxx_ll_bus.h:512:22:LL_AHB2_GRP1_EnableClock	24	static
main.c:84:5:main	8	static
main.c:172:6:SystemClock_Config	192	static
main.c:231:13:MX_I2C1_Init	8	static
main.c:277:13:MX_USART1_UART_Init	8	static
main.c:323:13:MX_DMA_Init	8	static
main.c:351:13:MX_GPIO_Init	32	static
main.c:385:1:__io_putchar	16	static
main.c:394:6:HAL_I2C_MasterTxCpltCallback	16	static
main.c:399:6:HAL_I2C_MasterRxCpltCallback	16	static
main.c:405:6:HAL_I2C_SlaveTxCpltCallback	16	static
main.c:411:6:HAL_I2C_SlaveRxCpltCallback	16	static
main.c:423:6:Error_Handler	4	static
