stm32wbxx_ll_bus.h:512:22:LL_AHB2_GRP1_EnableClock	24	static
stm32wbxx_ll_bus.h:710:22:LL_AHB3_GRP1_EnableClock	24	static
stm32wbxx_ll_bus.h:898:22:LL_APB1_GRP1_EnableClock	24	static
stm32wbxx_ll_bus.h:993:22:LL_APB1_GRP1_DisableClock	16	static
stm32wbxx_ll_bus.h:1217:22:LL_APB2_GRP1_EnableClock	24	static
stm32wbxx_ll_bus.h:1265:22:LL_APB2_GRP1_DisableClock	16	static
stm32wbxx_hal_msp.c:71:6:HAL_MspInit	8	static
stm32wbxx_hal_msp.c:97:6:HAL_I2C_MspInit	40	static
stm32wbxx_hal_msp.c:174:6:HAL_I2C_MspDeInit	16	static
stm32wbxx_hal_msp.c:212:6:HAL_UART_MspInit	40	static
stm32wbxx_hal_msp.c:286:6:HAL_UART_MspDeInit	16	static
