09:07:53 **** Incremental Build of configuration Debug for project UART_IT ****
make -j4 all 
arm-none-eabi-gcc "../Core/Src/main.c" -mcpu=cortex-m4 -std=gnu11 -g3 -DUSE_HAL_DRIVER -DDEBUG -DSTM32WB55xx -c -I../Core/Inc -I../Drivers/STM32WBxx_HAL_Driver/Inc -I../Drivers/STM32WBxx_HAL_Driver/Inc/Legacy -I../Drivers/CMSIS/Device/ST/STM32WBxx/Include -I../Drivers/CMSIS/Include -O0 -ffunction-sections -fdata-sections -Wall -fstack-usage -MMD -MP -MF"Core/Src/main.d" -MT"Core/Src/main.o" --specs=nano.specs -mfpu=fpv4-sp-d16 -mfloat-abi=hard -mthumb -o "Core/Src/main.o"
arm-none-eabi-gcc -o "UART_IT.elf" @"objects.list"   -mcpu=cortex-m4 -T"C:\Users\lemin\STM32CubeIDE\Minh_Examples\UART_IT\STM32WB55RGVX_FLASH.ld" --specs=nosys.specs -Wl,-Map="UART_IT.map" -Wl,--gc-sections -static --specs=nano.specs -mfpu=fpv4-sp-d16 -mfloat-abi=hard -mthumb -Wl,--start-group -lc -lm -Wl,--end-group
Finished building target: UART_IT.elf
 
arm-none-eabi-objdump -h -S  UART_IT.elf  > "UART_IT.list"
arm-none-eabi-objcopy  -O binary  UART_IT.elf  "UART_IT.bin"
arm-none-eabi-size   UART_IT.elf 
   text	   data	    bss	    dec	    hex	filename
  21560	    120	   1724	  23404	   5b6c	UART_IT.elf
Finished building: default.size.stdout
Finished building: UART_IT.bin
 
 
Finished building: UART_IT.list
 

09:07:56 Build Finished. 0 errors, 0 warnings. (took 2s.411ms)

